[build] /home/asm242/palmer_scratch/entexBERT-2_experiments/EN-TEx/experiments/ctcf_staircase/binding_windows already populated — skipping (delete to force rebuild)
[build] OK: single-window binding build with feature_type
[build] /home/asm242/palmer_scratch/entexBERT-2_experiments/EN-TEx/experiments/ctcf_staircase/adastra_pairs.csv exists — skipping (delete to force rebuild)
=== [staircase] 3 trunk states x {binding, asb} ===
Explicitly passing a `revision` is encouraged when loading a model with custom code to ensure no malicious code has been contributed in a newer revision.
[binding:train] 155142 rows, peaks=79191, bg=75951
[binding:test] 20188 rows, peaks=10200, bg=9988
[asb:train] 208691 pairs, pos=20972
[asb:adastra] 45581 pairs, pos=1591 (chr/pos present=False)
[leak] pairs assumed pre-filtered leak-free (no chr/pos or no --train_coords)

===== TRUNK: random =====
[trunk:random] fresh AutoModel.from_config (seed=0) — NO pretrained weights
  [binding] token maxlen train=66 test=67 (cap 128); streaming to memmap
  [embed-mm] 64/155142
  [embed-mm] 3264/155142
  [embed-mm] 6464/155142
  [embed-mm] 9664/155142
  [embed-mm] 12864/155142
  [embed-mm] 16064/155142
  [embed-mm] 19264/155142
  [embed-mm] 22464/155142
  [embed-mm] 25664/155142
  [embed-mm] 28864/155142
  [embed-mm] 32064/155142
  [embed-mm] 35264/155142
  [embed-mm] 38464/155142
  [embed-mm] 41664/155142
  [embed-mm] 44864/155142
  [embed-mm] 48064/155142
  [embed-mm] 51264/155142
  [embed-mm] 54464/155142
  [embed-mm] 57664/155142
  [embed-mm] 60864/155142
  [embed-mm] 64064/155142
  [embed-mm] 67264/155142
  [embed-mm] 70464/155142
  [embed-mm] 73664/155142
  [embed-mm] 76864/155142
  [embed-mm] 80064/155142
  [embed-mm] 83264/155142
  [embed-mm] 86464/155142
  [embed-mm] 89664/155142
  [embed-mm] 92864/155142
  [embed-mm] 96064/155142
  [embed-mm] 99264/155142
  [embed-mm] 102464/155142
  [embed-mm] 105664/155142
  [embed-mm] 108864/155142
  [embed-mm] 112064/155142
  [embed-mm] 115264/155142
  [embed-mm] 118464/155142
  [embed-mm] 121664/155142
  [embed-mm] 124864/155142
  [embed-mm] 128064/155142
  [embed-mm] 131264/155142
  [embed-mm] 134464/155142
  [embed-mm] 137664/155142
  [embed-mm] 140864/155142
  [embed-mm] 144064/155142
  [embed-mm] 147264/155142
  [embed-mm] 150464/155142
  [embed-mm] 153664/155142
  [embed-mm] 64/20188
  [embed-mm] 3264/20188
  [embed-mm] 6464/20188
  [embed-mm] 9664/20188
  [embed-mm] 12864/20188
  [embed-mm] 16064/20188
  [embed-mm] 19264/20188
    [binding/random/linear] AUROC=0.7592 95%CI[0.7524,0.7653] AUPRC=0.7724 (balanced 9988+9988)
    [binding/random/cnn] AUROC=0.8150 95%CI[0.8089,0.8208] AUPRC=0.8321 (balanced 9988+9988)
    [binding/random/strength] Spearman=0.2390 (test peaks n=10200)
  [asb] frozen twin-probe (train EN-TEx pairs -> score ADASTRA)
  [embed] 64/208691
  [embed] 3264/208691
  [embed] 6464/208691
  [embed] 9664/208691
  [embed] 12864/208691
  [embed] 16064/208691
  [embed] 19264/208691
  [embed] 22464/208691
  [embed] 25664/208691
  [embed] 28864/208691
  [embed] 32064/208691
  [embed] 35264/208691
  [embed] 38464/208691
  [embed] 41664/208691
  [embed] 44864/208691
  [embed] 48064/208691
  [embed] 51264/208691
  [embed] 54464/208691
  [embed] 57664/208691
  [embed] 60864/208691
  [embed] 64064/208691
  [embed] 67264/208691
  [embed] 70464/208691
  [embed] 73664/208691
  [embed] 76864/208691
  [embed] 80064/208691
  [embed] 83264/208691
  [embed] 86464/208691
  [embed] 89664/208691
  [embed] 92864/208691
  [embed] 96064/208691
  [embed] 99264/208691
  [embed] 102464/208691
  [embed] 105664/208691
  [embed] 108864/208691
  [embed] 112064/208691
  [embed] 115264/208691
  [embed] 118464/208691
  [embed] 121664/208691
  [embed] 124864/208691
  [embed] 128064/208691
  [embed] 131264/208691
  [embed] 134464/208691
  [embed] 137664/208691
  [embed] 140864/208691
  [embed] 144064/208691
  [embed] 147264/208691
  [embed] 150464/208691
  [embed] 153664/208691
  [embed] 156864/208691
  [embed] 160064/208691
  [embed] 163264/208691
  [embed] 166464/208691
  [embed] 169664/208691
  [embed] 172864/208691
  [embed] 176064/208691
  [embed] 179264/208691
  [embed] 182464/208691
  [embed] 185664/208691
  [embed] 188864/208691
  [embed] 192064/208691
  [embed] 195264/208691
  [embed] 198464/208691
  [embed] 201664/208691
  [embed] 204864/208691
  [embed] 208064/208691
  [embed] 64/208691
  [embed] 3264/208691
  [embed] 6464/208691
  [embed] 9664/208691
  [embed] 12864/208691
  [embed] 16064/208691
  [embed] 19264/208691
  [embed] 22464/208691
  [embed] 25664/208691
  [embed] 28864/208691
  [embed] 32064/208691
  [embed] 35264/208691
  [embed] 38464/208691
  [embed] 41664/208691
  [embed] 44864/208691
  [embed] 48064/208691
  [embed] 51264/208691
  [embed] 54464/208691
  [embed] 57664/208691
  [embed] 60864/208691
  [embed] 64064/208691
  [embed] 67264/208691
  [embed] 70464/208691
  [embed] 73664/208691
  [embed] 76864/208691
  [embed] 80064/208691
  [embed] 83264/208691
  [embed] 86464/208691
  [embed] 89664/208691
  [embed] 92864/208691
  [embed] 96064/208691
  [embed] 99264/208691
  [embed] 102464/208691
  [embed] 105664/208691
  [embed] 108864/208691
  [embed] 112064/208691
  [embed] 115264/208691
  [embed] 118464/208691
  [embed] 121664/208691
  [embed] 124864/208691
  [embed] 128064/208691
  [embed] 131264/208691
  [embed] 134464/208691
  [embed] 137664/208691
  [embed] 140864/208691
  [embed] 144064/208691
  [embed] 147264/208691
  [embed] 150464/208691
  [embed] 153664/208691
  [embed] 156864/208691
  [embed] 160064/208691
  [embed] 163264/208691
  [embed] 166464/208691
  [embed] 169664/208691
  [embed] 172864/208691
  [embed] 176064/208691
  [embed] 179264/208691
  [embed] 182464/208691
  [embed] 185664/208691
  [embed] 188864/208691
  [embed] 192064/208691
  [embed] 195264/208691
  [embed] 198464/208691
  [embed] 201664/208691
  [embed] 204864/208691
  [embed] 208064/208691
  [embed] 64/45581
  [embed] 3264/45581
  [embed] 6464/45581
  [embed] 9664/45581
  [embed] 12864/45581
  [embed] 16064/45581
  [embed] 19264/45581
  [embed] 22464/45581
  [embed] 25664/45581
  [embed] 28864/45581
  [embed] 32064/45581
  [embed] 35264/45581
  [embed] 38464/45581
  [embed] 41664/45581
  [embed] 44864/45581
  [embed] 64/45581
  [embed] 3264/45581
  [embed] 6464/45581
  [embed] 9664/45581
  [embed] 12864/45581
  [embed] 16064/45581
  [embed] 19264/45581
  [embed] 22464/45581
  [embed] 25664/45581
  [embed] 28864/45581
  [embed] 32064/45581
  [embed] 35264/45581
  [embed] 38464/45581
  [embed] 41664/45581
  [embed] 44864/45581
/home/asm242/.cache/huggingface/modules/transformers_modules/DNABERT-2-117M-attention/bert_layers.py:127: UserWarning: Unable to import Triton; defaulting MosaicBERT attention implementation to pytorch (this will reduce throughput when using this model).
  warnings.warn(
/home/asm242/.cache/huggingface/modules/transformers_modules/DNABERT-2-117M-attention/bert_layers.py:127: UserWarning: Unable to import Triton; defaulting MosaicBERT attention implementation to pytorch (this will reduce throughput when using this model).
  warnings.warn(
Some weights of the model checkpoint at /home/asm242/entexBERT-2/DNABERT-2-117M-attention were not used when initializing BertModel: ['cls.predictions.decoder.bias', 'cls.predictions.transform.dense.bias', 'cls.predictions.transform.dense.weight', 'cls.predictions.transform.LayerNorm.bias', 'cls.predictions.transform.LayerNorm.weight', 'cls.predictions.decoder.weight']
- This IS expected if you are initializing BertModel from the checkpoint of a model trained on another task or with another architecture (e.g. initializing a BertForSequenceClassification model from a BertForPreTraining model).
- This IS NOT expected if you are initializing BertModel from the checkpoint of a model that you expect to be exactly identical (initializing a BertForSequenceClassification model from a BertForSequenceClassification model).
Some weights of BertModel were not initialized from the model checkpoint at /home/asm242/entexBERT-2/DNABERT-2-117M-attention and are newly initialized: ['bert.pooler.dense.bias', 'bert.pooler.dense.weight']
You should probably TRAIN this model on a down-stream task to be able to use it for predictions and inference.
    [asb/random/twin_probe] AUROC=0.5134 95%CI[0.4945,0.5333] AUPRC=0.5299 (balanced 1591+1591)

===== TRUNK: pretrained =====
[trunk:pretrained] AutoModel.from_pretrained(DNABERT-2-117M-attention)
  [binding] token maxlen train=66 test=67 (cap 128); streaming to memmap
  [embed-mm] 64/155142
  [embed-mm] 3264/155142
  [embed-mm] 6464/155142
  [embed-mm] 9664/155142
  [embed-mm] 12864/155142
  [embed-mm] 16064/155142
  [embed-mm] 19264/155142
  [embed-mm] 22464/155142
  [embed-mm] 25664/155142
  [embed-mm] 28864/155142
  [embed-mm] 32064/155142
  [embed-mm] 35264/155142
  [embed-mm] 38464/155142
  [embed-mm] 41664/155142
  [embed-mm] 44864/155142
  [embed-mm] 48064/155142
  [embed-mm] 51264/155142
  [embed-mm] 54464/155142
  [embed-mm] 57664/155142
  [embed-mm] 60864/155142
  [embed-mm] 64064/155142
  [embed-mm] 67264/155142
  [embed-mm] 70464/155142
  [embed-mm] 73664/155142
  [embed-mm] 76864/155142
  [embed-mm] 80064/155142
  [embed-mm] 83264/155142
  [embed-mm] 86464/155142
  [embed-mm] 89664/155142
  [embed-mm] 92864/155142
  [embed-mm] 96064/155142
  [embed-mm] 99264/155142
  [embed-mm] 102464/155142
  [embed-mm] 105664/155142
  [embed-mm] 108864/155142
  [embed-mm] 112064/155142
  [embed-mm] 115264/155142
  [embed-mm] 118464/155142
  [embed-mm] 121664/155142
  [embed-mm] 124864/155142
  [embed-mm] 128064/155142
  [embed-mm] 131264/155142
  [embed-mm] 134464/155142
  [embed-mm] 137664/155142
  [embed-mm] 140864/155142
  [embed-mm] 144064/155142
  [embed-mm] 147264/155142
  [embed-mm] 150464/155142
  [embed-mm] 153664/155142
  [embed-mm] 64/20188
  [embed-mm] 3264/20188
  [embed-mm] 6464/20188
  [embed-mm] 9664/20188
  [embed-mm] 12864/20188
  [embed-mm] 16064/20188
  [embed-mm] 19264/20188
    [binding/pretrained/linear] AUROC=0.8520 95%CI[0.8467,0.8571] AUPRC=0.8656 (balanced 9988+9988)
    [binding/pretrained/cnn] AUROC=0.8597 95%CI[0.8543,0.8646] AUPRC=0.8773 (balanced 9988+9988)
    [binding/pretrained/strength] Spearman=0.4177 (test peaks n=10200)
  [asb] zero-shot embedding distance (no training)
  [embed] 64/45581
  [embed] 3264/45581
  [embed] 6464/45581
  [embed] 9664/45581
  [embed] 12864/45581
  [embed] 16064/45581
  [embed] 19264/45581
  [embed] 22464/45581
  [embed] 25664/45581
  [embed] 28864/45581
  [embed] 32064/45581
  [embed] 35264/45581
  [embed] 38464/45581
  [embed] 41664/45581
  [embed] 44864/45581
  [embed] 64/45581
  [embed] 3264/45581
  [embed] 6464/45581
  [embed] 9664/45581
  [embed] 12864/45581
  [embed] 16064/45581
  [embed] 19264/45581
  [embed] 22464/45581
  [embed] 25664/45581
  [embed] 28864/45581
  [embed] 32064/45581
  [embed] 35264/45581
  [embed] 38464/45581
  [embed] 41664/45581
  [embed] 44864/45581
    [asb/pretrained/zeroshot_dist] AUROC=0.4988 95%CI[0.4803,0.5191] AUPRC=0.4986 (balanced 1591+1591)
  [asb] frozen twin-probe (train EN-TEx pairs -> score ADASTRA)
  [embed] 64/208691
  [embed] 3264/208691
  [embed] 6464/208691
  [embed] 9664/208691
  [embed] 12864/208691
  [embed] 16064/208691
  [embed] 19264/208691
  [embed] 22464/208691
  [embed] 25664/208691
  [embed] 28864/208691
  [embed] 32064/208691
  [embed] 35264/208691
  [embed] 38464/208691
  [embed] 41664/208691
  [embed] 44864/208691
  [embed] 48064/208691
  [embed] 51264/208691
  [embed] 54464/208691
  [embed] 57664/208691
  [embed] 60864/208691
  [embed] 64064/208691
  [embed] 67264/208691
  [embed] 70464/208691
  [embed] 73664/208691
  [embed] 76864/208691
  [embed] 80064/208691
  [embed] 83264/208691
  [embed] 86464/208691
  [embed] 89664/208691
  [embed] 92864/208691
  [embed] 96064/208691
  [embed] 99264/208691
  [embed] 102464/208691
  [embed] 105664/208691
  [embed] 108864/208691
  [embed] 112064/208691
  [embed] 115264/208691
  [embed] 118464/208691
  [embed] 121664/208691
  [embed] 124864/208691
  [embed] 128064/208691
  [embed] 131264/208691
  [embed] 134464/208691
  [embed] 137664/208691
  [embed] 140864/208691
  [embed] 144064/208691
  [embed] 147264/208691
  [embed] 150464/208691
  [embed] 153664/208691
  [embed] 156864/208691
  [embed] 160064/208691
  [embed] 163264/208691
  [embed] 166464/208691
  [embed] 169664/208691
  [embed] 172864/208691
  [embed] 176064/208691
  [embed] 179264/208691
  [embed] 182464/208691
  [embed] 185664/208691
  [embed] 188864/208691
  [embed] 192064/208691
  [embed] 195264/208691
  [embed] 198464/208691
  [embed] 201664/208691
  [embed] 204864/208691
  [embed] 208064/208691
  [embed] 64/208691
  [embed] 3264/208691
  [embed] 6464/208691
  [embed] 9664/208691
  [embed] 12864/208691
  [embed] 16064/208691
  [embed] 19264/208691
  [embed] 22464/208691
  [embed] 25664/208691
  [embed] 28864/208691
  [embed] 32064/208691
  [embed] 35264/208691
  [embed] 38464/208691
  [embed] 41664/208691
  [embed] 44864/208691
  [embed] 48064/208691
  [embed] 51264/208691
  [embed] 54464/208691
  [embed] 57664/208691
  [embed] 60864/208691
  [embed] 64064/208691
  [embed] 67264/208691
  [embed] 70464/208691
  [embed] 73664/208691
  [embed] 76864/208691
  [embed] 80064/208691
  [embed] 83264/208691
  [embed] 86464/208691
  [embed] 89664/208691
  [embed] 92864/208691
  [embed] 96064/208691
  [embed] 99264/208691
  [embed] 102464/208691
  [embed] 105664/208691
  [embed] 108864/208691
  [embed] 112064/208691
  [embed] 115264/208691
  [embed] 118464/208691
  [embed] 121664/208691
  [embed] 124864/208691
  [embed] 128064/208691
  [embed] 131264/208691
  [embed] 134464/208691
  [embed] 137664/208691
  [embed] 140864/208691
  [embed] 144064/208691
  [embed] 147264/208691
  [embed] 150464/208691
  [embed] 153664/208691
  [embed] 156864/208691
  [embed] 160064/208691
  [embed] 163264/208691
  [embed] 166464/208691
  [embed] 169664/208691
  [embed] 172864/208691
  [embed] 176064/208691
  [embed] 179264/208691
  [embed] 182464/208691
  [embed] 185664/208691
  [embed] 188864/208691
  [embed] 192064/208691
  [embed] 195264/208691
  [embed] 198464/208691
  [embed] 201664/208691
  [embed] 204864/208691
  [embed] 208064/208691
  [embed] 64/45581
  [embed] 3264/45581
  [embed] 6464/45581
  [embed] 9664/45581
  [embed] 12864/45581
  [embed] 16064/45581
  [embed] 19264/45581
  [embed] 22464/45581
  [embed] 25664/45581
  [embed] 28864/45581
  [embed] 32064/45581
  [embed] 35264/45581
  [embed] 38464/45581
  [embed] 41664/45581
  [embed] 44864/45581
  [embed] 64/45581
  [embed] 3264/45581
  [embed] 6464/45581
  [embed] 9664/45581
  [embed] 12864/45581
  [embed] 16064/45581
  [embed] 19264/45581
  [embed] 22464/45581
  [embed] 25664/45581
  [embed] 28864/45581
  [embed] 32064/45581
  [embed] 35264/45581
  [embed] 38464/45581
  [embed] 41664/45581
  [embed] 44864/45581
/home/asm242/.cache/huggingface/modules/transformers_modules/DNABERT-2-117M-attention/bert_layers.py:127: UserWarning: Unable to import Triton; defaulting MosaicBERT attention implementation to pytorch (this will reduce throughput when using this model).
  warnings.warn(
Some weights of the model checkpoint at /home/asm242/entexBERT-2/DNABERT-2-117M-attention were not used when initializing BertModel: ['cls.predictions.decoder.bias', 'cls.predictions.transform.dense.bias', 'cls.predictions.transform.dense.weight', 'cls.predictions.transform.LayerNorm.bias', 'cls.predictions.transform.LayerNorm.weight', 'cls.predictions.decoder.weight']
- This IS expected if you are initializing BertModel from the checkpoint of a model trained on another task or with another architecture (e.g. initializing a BertForSequenceClassification model from a BertForPreTraining model).
- This IS NOT expected if you are initializing BertModel from the checkpoint of a model that you expect to be exactly identical (initializing a BertForSequenceClassification model from a BertForSequenceClassification model).
Some weights of BertModel were not initialized from the model checkpoint at /home/asm242/entexBERT-2/DNABERT-2-117M-attention and are newly initialized: ['bert.pooler.dense.bias', 'bert.pooler.dense.weight']
You should probably TRAIN this model on a down-stream task to be able to use it for predictions and inference.
    [asb/pretrained/twin_probe] AUROC=0.5191 95%CI[0.4994,0.5378] AUPRC=0.5240 (balanced 1591+1591)

===== TRUNK: finetuned =====
[trunk:finetuned] overlaid 138/138 backbone tensors (dropped 5 head keys); missing=0 unexpected=0
  [binding] token maxlen train=66 test=67 (cap 128); streaming to memmap
  [embed-mm] 64/155142
  [embed-mm] 3264/155142
  [embed-mm] 6464/155142
  [embed-mm] 9664/155142
  [embed-mm] 12864/155142
  [embed-mm] 16064/155142
  [embed-mm] 19264/155142
  [embed-mm] 22464/155142
  [embed-mm] 25664/155142
  [embed-mm] 28864/155142
  [embed-mm] 32064/155142
  [embed-mm] 35264/155142
  [embed-mm] 38464/155142
  [embed-mm] 41664/155142
  [embed-mm] 44864/155142
  [embed-mm] 48064/155142
  [embed-mm] 51264/155142
  [embed-mm] 54464/155142
  [embed-mm] 57664/155142
  [embed-mm] 60864/155142
  [embed-mm] 64064/155142
  [embed-mm] 67264/155142
  [embed-mm] 70464/155142
  [embed-mm] 73664/155142
  [embed-mm] 76864/155142
  [embed-mm] 80064/155142
  [embed-mm] 83264/155142
  [embed-mm] 86464/155142
  [embed-mm] 89664/155142
  [embed-mm] 92864/155142
  [embed-mm] 96064/155142
  [embed-mm] 99264/155142
  [embed-mm] 102464/155142
  [embed-mm] 105664/155142
  [embed-mm] 108864/155142
  [embed-mm] 112064/155142
  [embed-mm] 115264/155142
  [embed-mm] 118464/155142
  [embed-mm] 121664/155142
  [embed-mm] 124864/155142
  [embed-mm] 128064/155142
  [embed-mm] 131264/155142
  [embed-mm] 134464/155142
  [embed-mm] 137664/155142
  [embed-mm] 140864/155142
  [embed-mm] 144064/155142
  [embed-mm] 147264/155142
  [embed-mm] 150464/155142
  [embed-mm] 153664/155142
  [embed-mm] 64/20188
  [embed-mm] 3264/20188
  [embed-mm] 6464/20188
  [embed-mm] 9664/20188
  [embed-mm] 12864/20188
  [embed-mm] 16064/20188
  [embed-mm] 19264/20188
    [binding/finetuned/linear] AUROC=0.9145 95%CI[0.9106,0.9182] AUPRC=0.9296 (balanced 9988+9988)
    [binding/finetuned/cnn] AUROC=0.9155 95%CI[0.9115,0.9193] AUPRC=0.9299 (balanced 9988+9988)
    [binding/finetuned/strength] Spearman=0.6518 (test peaks n=10200)

[done] wrote /home/asm242/palmer_scratch/entexBERT-2_experiments/EN-TEx/experiments/ctcf_staircase/staircase_ctcf_staircase_metrics.json
=== staircase DONE -> /home/asm242/palmer_scratch/entexBERT-2_experiments/EN-TEx/experiments/ctcf_staircase/staircase_ctcf_staircase_metrics.json ===
    Pull /home/asm242/palmer_scratch/entexBERT-2_experiments/EN-TEx/experiments/ctcf_staircase/staircase_ctcf_staircase_metrics.json back to build the two-panel staircase figure.
