*** DIAGNOSTIC MODE: capped training (S1<=400, 2a<=300, 2b<=300 steps), 2-value s-sweep. NOT a final result. ***
=== preflight ===
NVIDIA GeForce RTX 3090, 24576 MiB
torch 1.13.1+cu117 | cuda True
  found: /home/asm242/entexBERT-2/DNABERT-2-117M-attention
  found: /home/asm242/reference_genome/hg38.fa
  found: /home/asm242/reference_genome/hg38.chrom.sizes
  found: /home/asm242/palmer_scratch/entex_data/hetSNVs.tsv
  found: /home/asm242/palmer_scratch/entexBERT-2_experiments/ADASTRA/ep300_adastra_evalset.csv.gz
  found: /home/asm242/palmer_scratch/entexBERT-2_experiments/ADASTRA/ep300_benchmark_reference_auroc.csv
  found: /home/asm242/palmer_scratch/entexBERT-2_experiments/EN-TEx/configs/ep300_binding_regression_multitissue_enc001.yaml
--- (A) EP300 tissue files under /home/asm242/palmer_scratch/entex_data/EP300/ENC-001 ---
  found: ep300_1_transverse_colon.narrowPeak
  found: ep300_1_transverse_colon.fc.bigWig
  found: ep300_1_upper_lobe_of_left_lung.narrowPeak
  found: ep300_1_upper_lobe_of_left_lung.fc.bigWig
  found: ep300_1_esophagus_muscularis_mucosa.narrowPeak
  found: ep300_1_esophagus_muscularis_mucosa.fc.bigWig
  found: ep300_1_tibial_nerve.narrowPeak
  found: ep300_1_tibial_nerve.fc.bigWig
  found: ep300_1_gastroesophageal_sphincter.narrowPeak
  found: ep300_1_gastroesophageal_sphincter.fc.bigWig
--- (B) EP300 presence in hetSNVs.tsv ---
  hetSNVs rows matching assay~'EP300' (col 'assay'): 220043
  (B) OK: EP300 present in hetSNVs.tsv
[preflight] OK

=== STEP 1: build Stage-1 (multi-tissue) inputs ===
[STEP 1] /home/asm242/palmer_scratch/entexBERT-2_experiments/EN-TEx/experiments/ep300_asb/stage1/inputs/train.csv exists -- skipping build
[STEP 1] train n=137794 label[mean=0.984 sd=0.669] NaN_labels=0 (0.0%)
[STEP 1] peak_mean=1.523 bg_mean=0.412 sep=OK
[STEP 1] OK

=== STEP 2: Stage-1 binding-trunk training ===
{'loss': 0.8092, 'learning_rate': 3e-05, 'epoch': 0.05}
{'loss': 0.2629, 'learning_rate': 2.5714285714285714e-05, 'epoch': 0.09}
{'eval_loss': 0.27824676036834717, 'eval_mse': 0.27824679774963823, 'eval_pearson': 0.6682074446491337, 'eval_spearman': 0.702719491130016, 'eval_auroc': nan, 'eval_runtime': 10.2999, 'eval_samples_per_second': 1694.48, 'eval_steps_per_second': 53.01, 'epoch': 0.09}
{'loss': 0.2394, 'learning_rate': 2.1428571428571428e-05, 'epoch': 0.14}
{'loss': 0.2346, 'learning_rate': 1.7142857142857142e-05, 'epoch': 0.19}
{'eval_loss': 0.2597600519657135, 'eval_mse': 0.25976006414880976, 'eval_pearson': 0.7039251350215842, 'eval_spearman': 0.7353938317040422, 'eval_auroc': nan, 'eval_runtime': 10.2943, 'eval_samples_per_second': 1695.399, 'eval_steps_per_second': 53.039, 'epoch': 0.19}
{'loss': 0.2401, 'learning_rate': 1.2857142857142857e-05, 'epoch': 0.23}
{'loss': 0.2161, 'learning_rate': 8.571428571428571e-06, 'epoch': 0.28}
{'eval_loss': 0.21042421460151672, 'eval_mse': 0.21042421666979302, 'eval_pearson': 0.7254032161079565, 'eval_spearman': 0.7491866963788574, 'eval_auroc': nan, 'eval_runtime': 10.2876, 'eval_samples_per_second': 1696.509, 'eval_steps_per_second': 53.074, 'epoch': 0.28}
{'loss': 0.2184, 'learning_rate': 4.2857142857142855e-06, 'epoch': 0.33}
{'loss': 0.2157, 'learning_rate': 0.0, 'epoch': 0.37}
{'eval_loss': 0.2096012383699417, 'eval_mse': 0.2096012545824863, 'eval_pearson': 0.7317047354323759, 'eval_spearman': 0.7545690529549675, 'eval_auroc': nan, 'eval_runtime': 10.2977, 'eval_samples_per_second': 1694.836, 'eval_steps_per_second': 53.021, 'epoch': 0.37}
{'train_runtime': 196.211, 'train_samples_per_second': 260.944, 'train_steps_per_second': 2.039, 'train_loss': 0.30453129529953005, 'epoch': 0.37}
[STEP 2] OK -- trunk = /home/asm242/palmer_scratch/entexBERT-2_experiments/EN-TEx/experiments/ep300_asb/stage1/runs/reg/pytorch_model.bin

=== STEP 3: counts + held-out chroms + s_hat ===
[in]  22310439 rows (assay=EP300)
[agg] 172162 donor-loci -> 45792 kept (n>=20; dropped 126370)
[pos] imbalance_significant loci: 2514 (5.5%)
[k/n] median n=34, median k/n=0.500
[wrote] /home/asm242/palmer_scratch/entexBERT-2_experiments/EN-TEx/experiments/ep300_asb/ep300_betabinom_counts.csv
total positives = 2514  over 22 chromosomes
largest-2 by variant count (spared from holdout): ['chr1', 'chr2']
special-regime excluded: ['chr1', 'chrM', 'chrX', 'chrY']

HELD-OUT SET: chr3+chr4  pos=252  frac=0.1002 (target 10%, dev 0.0002)
CI-viability OK (252 >= 100 positives).

wrote /home/asm242/palmer_scratch/entexBERT-2_experiments/EN-TEx/experiments/ep300_asb/ep300_heldout_per_chrom_counts.csv
[STEP 3] held-out chroms = chr3,chr4
[STEP 3] s_hat=21.3  sweep=21.3 20
[STEP 3] OK

=== STEP 4: build Stage-2 ASB dataset ===
Experiment: ep300_stage2_asb_enc001
  source:     betabinom_counts (has_variants=True)
  primary:    logit_ratio [regression]
  aux:        none
  input_mode: hap_pair
  window:     L128/R128 offset=fixed jitter=0
  split:      train_dev_test group=locus exclude=0 loci
  depth_col:  n (-> 'depth' privileged weight)
  partition:  hybrid bin_size=100000 fold_id=0 test_chroms=['chr3', 'chr4'] (overrides group-shuffle)
  output_dir: /home/asm242/palmer_scratch/entexBERT-2_experiments/EN-TEx/experiments/ep300_asb/inputs
Loading reference FASTA...
partition_spec enabled (bin_size=100000, fold_id=0): row-level split counts {'train': 36810, 'dev': 4575, 'test': 4287, '__exclude__': 120}
  boundary exclusion: dropped 120 loci whose window straddled a 100000bp bin edge (boundary_bp=128)

Duplicate AS/window summary
Rows: 45672
Unique groups: 39169
Duplicate groups: 5479
Rows in duplicate groups: 11982
Conflicting-label groups: 5379
Rows in conflicting-label groups: 11776

Example conflicting groups:
                  n_rows  n_unique_labels  mean_label  min_label  max_label
_group_key                                                                 
00024c03f21722f3       2                2   -0.053326  -0.183613   0.076961
0008a1a265247431       2                2   -0.223321  -0.629521   0.182879
002074b2fa167ad2       2                2   -0.231312  -0.462624   0.000000
0051b7c16fea1af1       2                2   -0.345688  -0.367725  -0.323652
005285c6c8674bd9       3                3   -1.181729  -1.223775  -1.113997
006310967bff17ce       2                2    0.121811  -0.802346   1.045969
0071df2f999ab992       2                2    0.451491   0.283944   0.619039
0076750b5fd9c79e       2                2    0.125218   0.083382   0.167054
00878d0257637663       4                4   -0.026318  -0.367165   0.378279
0092b74e95321a5f       2                2   -0.153510  -0.248180  -0.058841
Precomputed split via column '_assigned_split': {'train.csv': 36807, 'dev.csv': 4575, 'test.csv': 4287}
Saved 45669 total examples to /home/asm242/palmer_scratch/entexBERT-2_experiments/EN-TEx/experiments/ep300_asb/inputs
{'train.csv': 36807, 'dev.csv': 4575, 'test.csv': 4287}

Main label summary:
count    45669.000000
mean         0.003089
std          0.687599
min         -6.487684
25%         -0.283944
50%          0.000000
75%          0.295229
max          6.818924
Name: label, dtype: float64

Done. Final rows: 45672

Finetune settings (map to finetune_entexbert2.py):
  --task regression
  --main_num_labels 1
  --head_num_layers 1  (1 = linear, >1 = MLP)
  --hetero_loss precision_neff --neff_s <s>   (privileged weight from 'n' -> depth)
  trainer data path: /home/asm242/palmer_scratch/entexBERT-2_experiments/EN-TEx/experiments/ep300_asb/inputs
  primary label column: logit_ratio
[STEP 4] train.csv cols: ['sequence1', 'sequence2', 'label', 'depth'] | rows: 36807
[STEP 4] OK

=== STEP 5: Stage-2a frozen-trunk head training (s sweep) ===
--- Stage-2a s=21.3 -> /home/asm242/palmer_scratch/entexBERT-2_experiments/EN-TEx/experiments/ep300_asb/runs/asb_2a_s21.3 ---
{'loss': 0.4544, 'learning_rate': 0.0004, 'epoch': 0.02}
{'loss': 0.322, 'learning_rate': 0.0008, 'epoch': 0.03}
{'loss': 0.5332, 'learning_rate': 0.00096, 'epoch': 0.05}
{'loss': 0.4192, 'learning_rate': 0.00088, 'epoch': 0.07}
{'loss': 0.5457, 'learning_rate': 0.0008, 'epoch': 0.09}
{'eval_loss': 0.3929465115070343, 'eval_mse': 0.40925553173274337, 'eval_pearson': 0.051587013353532614, 'eval_spearman': 0.05158798911104359, 'eval_auroc': 0.5228562831460432, 'eval_runtime': 4.3607, 'eval_samples_per_second': 1049.153, 'eval_steps_per_second': 16.511, 'epoch': 0.09}
{'loss': 0.4748, 'learning_rate': 0.0007199999999999999, 'epoch': 0.1}
{'loss': 0.4681, 'learning_rate': 0.00064, 'epoch': 0.12}
{'loss': 0.5269, 'learning_rate': 0.0005600000000000001, 'epoch': 0.14}
{'loss': 0.4, 'learning_rate': 0.00048, 'epoch': 0.16}
{'loss': 0.411, 'learning_rate': 0.0004, 'epoch': 0.17}
{'eval_loss': 0.3916025161743164, 'eval_mse': 0.40788761999447926, 'eval_pearson': 0.08277339325047862, 'eval_spearman': 0.07822133635721987, 'eval_auroc': 0.5336773809514642, 'eval_runtime': 4.3672, 'eval_samples_per_second': 1047.581, 'eval_steps_per_second': 16.487, 'epoch': 0.17}
{'loss': 0.379, 'learning_rate': 0.00032, 'epoch': 0.19}
{'loss': 0.3066, 'learning_rate': 0.00024, 'epoch': 0.21}
{'loss': 0.3575, 'learning_rate': 0.00016, 'epoch': 0.23}
{'loss': 0.3716, 'learning_rate': 8e-05, 'epoch': 0.24}
{'loss': 0.3684, 'learning_rate': 0.0, 'epoch': 0.26}
{'eval_loss': 0.3912404775619507, 'eval_mse': 0.4075140301096636, 'eval_pearson': 0.08921002858347546, 'eval_spearman': 0.08517191587265259, 'eval_auroc': 0.5366316959146287, 'eval_runtime': 4.3836, 'eval_samples_per_second': 1043.654, 'eval_steps_per_second': 16.425, 'epoch': 0.26}
{'train_runtime': 29.0596, 'train_samples_per_second': 330.355, 'train_steps_per_second': 10.324, 'train_loss': 0.42256163120269774, 'epoch': 0.26}
    dev spearman = 0.08517191587265259
--- Stage-2a s=20 -> /home/asm242/palmer_scratch/entexBERT-2_experiments/EN-TEx/experiments/ep300_asb/runs/asb_2a_s20 ---
{'loss': 0.4459, 'learning_rate': 0.0004, 'epoch': 0.02}
{'loss': 0.3246, 'learning_rate': 0.0008, 'epoch': 0.03}
{'loss': 0.5371, 'learning_rate': 0.00096, 'epoch': 0.05}
{'loss': 0.4166, 'learning_rate': 0.00088, 'epoch': 0.07}
{'loss': 0.5485, 'learning_rate': 0.0008, 'epoch': 0.09}
{'eval_loss': 0.39360180497169495, 'eval_mse': 0.4092433683440838, 'eval_pearson': 0.05177405638470331, 'eval_spearman': 0.050953905465886254, 'eval_auroc': 0.5261110157098865, 'eval_runtime': 4.3868, 'eval_samples_per_second': 1042.897, 'eval_steps_per_second': 16.413, 'epoch': 0.09}
{'loss': 0.4744, 'learning_rate': 0.0007199999999999999, 'epoch': 0.1}
{'loss': 0.4692, 'learning_rate': 0.00064, 'epoch': 0.12}
{'loss': 0.5246, 'learning_rate': 0.0005600000000000001, 'epoch': 0.14}
{'loss': 0.397, 'learning_rate': 0.00048, 'epoch': 0.16}
{'loss': 0.4156, 'learning_rate': 0.0004, 'epoch': 0.17}
{'eval_loss': 0.3922354280948639, 'eval_mse': 0.40785970177119224, 'eval_pearson': 0.08315271125232326, 'eval_spearman': 0.07778718714048104, 'eval_auroc': 0.537449782806064, 'eval_runtime': 4.4112, 'eval_samples_per_second': 1037.123, 'eval_steps_per_second': 16.322, 'epoch': 0.17}
{'loss': 0.3804, 'learning_rate': 0.00032, 'epoch': 0.19}
{'loss': 0.3078, 'learning_rate': 0.00024, 'epoch': 0.21}
{'loss': 0.357, 'learning_rate': 0.00016, 'epoch': 0.23}
{'loss': 0.3768, 'learning_rate': 8e-05, 'epoch': 0.24}
{'loss': 0.3696, 'learning_rate': 0.0, 'epoch': 0.26}
{'eval_loss': 0.39188122749328613, 'eval_mse': 0.40749712081379547, 'eval_pearson': 0.08953159342293311, 'eval_spearman': 0.0854661397310849, 'eval_auroc': 0.5407055741951581, 'eval_runtime': 4.4197, 'eval_samples_per_second': 1035.131, 'eval_steps_per_second': 16.291, 'epoch': 0.26}
{'train_runtime': 29.3036, 'train_samples_per_second': 327.605, 'train_steps_per_second': 10.238, 'train_loss': 0.42300705432891844, 'epoch': 0.26}
    dev spearman = 0.0854661397310849
[STEP 5] BEST: s=20 dev_spearman=0.0854661397310849 ckpt=/home/asm242/palmer_scratch/entexBERT-2_experiments/EN-TEx/experiments/ep300_asb/runs/asb_2a_s20
[STEP 5] OK

=== STEP 6: Stage-2b gentle unfreeze (s=20) ===
{'loss': 0.3711, 'learning_rate': 1.2000000000000002e-06, 'epoch': 0.01}
{'loss': 0.5288, 'learning_rate': 2.4000000000000003e-06, 'epoch': 0.02}
{'loss': 0.312, 'learning_rate': 2.88e-06, 'epoch': 0.03}
{'loss': 0.3285, 'learning_rate': 2.64e-06, 'epoch': 0.03}
{'loss': 0.4799, 'learning_rate': 2.4000000000000003e-06, 'epoch': 0.04}
{'eval_loss': 0.3949423134326935, 'eval_mse': 0.41049549652212514, 'eval_pearson': 0.005515381624171724, 'eval_spearman': 0.010918110211766523, 'eval_auroc': 0.5042864133853994, 'eval_runtime': 4.3056, 'eval_samples_per_second': 1062.577, 'eval_steps_per_second': 16.723, 'epoch': 0.04}
{'loss': 0.6008, 'learning_rate': 2.16e-06, 'epoch': 0.05}
{'loss': 0.4075, 'learning_rate': 1.9200000000000003e-06, 'epoch': 0.06}
{'loss': 0.4354, 'learning_rate': 1.6800000000000002e-06, 'epoch': 0.07}
{'loss': 0.6825, 'learning_rate': 1.44e-06, 'epoch': 0.08}
{'loss': 0.4059, 'learning_rate': 1.2000000000000002e-06, 'epoch': 0.09}
{'eval_loss': 0.39460858702659607, 'eval_mse': 0.410151871251055, 'eval_pearson': 0.020260705249228822, 'eval_spearman': 0.022876639204279722, 'eval_auroc': 0.5087535008613062, 'eval_runtime': 4.3029, 'eval_samples_per_second': 1063.232, 'eval_steps_per_second': 16.733, 'epoch': 0.09}
{'loss': 0.3831, 'learning_rate': 9.600000000000001e-07, 'epoch': 0.1}
{'loss': 0.5729, 'learning_rate': 7.2e-07, 'epoch': 0.1}
{'loss': 0.4964, 'learning_rate': 4.800000000000001e-07, 'epoch': 0.11}
{'loss': 0.444, 'learning_rate': 2.4000000000000003e-07, 'epoch': 0.12}
{'loss': 0.6766, 'learning_rate': 0.0, 'epoch': 0.13}
{'eval_loss': 0.39456483721733093, 'eval_mse': 0.4101019143952956, 'eval_pearson': 0.022602522550862418, 'eval_spearman': 0.02524607749202518, 'eval_auroc': 0.5101241982767716, 'eval_runtime': 4.3203, 'eval_samples_per_second': 1058.955, 'eval_steps_per_second': 16.666, 'epoch': 0.13}
{'train_runtime': 51.48, 'train_samples_per_second': 93.24, 'train_steps_per_second': 5.828, 'train_loss': 0.4750342607498169, 'epoch': 0.13}
[STEP 6] OK

=== STEP 7: score (leak-free) ===
--- scoring 2a (/home/asm242/palmer_scratch/entexBERT-2_experiments/EN-TEx/experiments/ep300_asb/runs/asb_2a_s20) ---
[load] ADASTRA eval: 32619 rows (pos=1416, neg=31203)
[windows] built 32619/32619  (dropped: 0 out-of-bounds, 0 bad-chrom; hg38-base!=ref on 0 kept rows)
[score] running twin inference on 32619 variants (dump_embeddings=False)...
Loaded weights from /home/asm242/palmer_scratch/entexBERT-2_experiments/EN-TEx/experiments/ep300_asb/runs/asb_2a_s20/pytorch_model.bin
  missing keys: 0 | unexpected keys: 0
[leakage] train.meta.csv: +8745 bins, 8745 seen total
[leakage] dev.meta.csv: +1097 bins, 9842 seen total
[leakage] 22617/32619 eval variants (69.34%) in a seen bin; 784 ASB-positive. Dropped for leak_free.
[AUROC:full] balanced 1416 pos + 1416 neg  AUROC=0.5465 95%CI[0.5237,0.5674]  AUPRC=0.5477
[AUROC:leak_free] balanced 632 pos + 632 neg  AUROC=0.5297 95%CI[0.4976,0.5592]  AUPRC=0.5413
