*** DIAGNOSTIC MODE: capped steps + 2-value s-sweep. NOT a final result. ***
=== preflight ===
NVIDIA GeForce RTX 3090, 24576 MiB
torch 1.13.1+cu117 | cuda True
  repo OK: model.py pair_head
  repo OK: model_io.py pair_head
  repo OK: finetune pair_head
  found: /home/asm242/entexBERT-2/DNABERT-2-117M-attention
  found: /home/asm242/reference_genome/hg38.fa
  found: /home/asm242/palmer_scratch/entexBERT-2_experiments/ADASTRA/ep300_adastra_evalset.csv.gz
  found: /home/asm242/palmer_scratch/entexBERT-2_experiments/ADASTRA/ep300_benchmark_reference_auroc.csv
  found: /home/asm242/palmer_scratch/entexBERT-2_experiments/EN-TEx/experiments/ep300_asb/stage1/runs/reg/pytorch_model.bin
  found: /home/asm242/palmer_scratch/entexBERT-2_experiments/EN-TEx/experiments/ep300_asb/inputs_clf/train.csv
  found: /home/asm242/palmer_scratch/entexBERT-2_experiments/EN-TEx/experiments/ep300_asb/inputs_clf/test.csv
  found: /home/asm242/palmer_scratch/entexBERT-2_experiments/EN-TEx/experiments/ep300_asb/inputs_clf/train.meta.csv
  found: /home/asm242/palmer_scratch/entexBERT-2_experiments/EN-TEx/experiments/ep300_asb/inputs_clf/dev.meta.csv

=== STEP 1: s_hat ===
[STEP 1] s_hat=21.3 | s-sweep = 21.3 20

--- Stage-2a (learned-metric) s=21.3 -> /home/asm242/palmer_scratch/entexBERT-2_experiments/EN-TEx/experiments/ep300_pair_head/runs/clf_2a_ph_s21.3 ---
{'loss': 0.693, 'learning_rate': 0.0004, 'epoch': 0.02}
{'loss': 0.6927, 'learning_rate': 0.0008, 'epoch': 0.03}
{'loss': 0.6917, 'learning_rate': 0.0009714285714285714, 'epoch': 0.05}
{'loss': 0.6952, 'learning_rate': 0.0009142857142857143, 'epoch': 0.07}
{'loss': 0.6833, 'learning_rate': 0.0008571428571428571, 'epoch': 0.09}
{'eval_loss': 0.7297728061676025, 'eval_bce': 0.72998943218342, 'eval_n_pos': 199.0, 'eval_pos_rate': 0.04349726775956284, 'eval_auroc': 0.5371619293910136, 'eval_auprc': 0.04818307357958346, 'eval_mcc': 0.008925187925664536, 'eval_precision': 0.04357346179111014, 'eval_recall': 1.0, 'eval_f1': 0.08350818296265212, 'eval_runtime': 4.4354, 'eval_samples_per_second': 1031.481, 'eval_steps_per_second': 16.233, 'epoch': 0.09}
{'loss': 0.6858, 'learning_rate': 0.0008, 'epoch': 0.1}
{'loss': 0.6765, 'learning_rate': 0.0007428571428571429, 'epoch': 0.12}
{'loss': 0.6719, 'learning_rate': 0.0006857142857142857, 'epoch': 0.14}
{'loss': 0.6762, 'learning_rate': 0.0006285714285714285, 'epoch': 0.16}
{'loss': 0.6807, 'learning_rate': 0.0005714285714285714, 'epoch': 0.17}
{'eval_loss': 0.638759195804596, 'eval_bce': 0.6378011906646719, 'eval_n_pos': 199.0, 'eval_pos_rate': 0.04349726775956284, 'eval_auroc': 0.5445399988975959, 'eval_auprc': 0.05078586082691307, 'eval_mcc': 0.012314773134410628, 'eval_precision': 0.05527638190954774, 'eval_recall': 0.05527638190954774, 'eval_f1': 0.05527638190954774, 'eval_runtime': 4.4752, 'eval_samples_per_second': 1022.304, 'eval_steps_per_second': 16.089, 'epoch': 0.17}
{'loss': 0.6846, 'learning_rate': 0.0005142857142857142, 'epoch': 0.19}
{'loss': 0.6823, 'learning_rate': 0.00045714285714285713, 'epoch': 0.21}
{'loss': 0.6791, 'learning_rate': 0.0004, 'epoch': 0.23}
{'loss': 0.6816, 'learning_rate': 0.00034285714285714285, 'epoch': 0.24}
{'loss': 0.6619, 'learning_rate': 0.0002857142857142857, 'epoch': 0.26}
{'eval_loss': 0.6554606556892395, 'eval_bce': 0.6546122658676768, 'eval_n_pos': 199.0, 'eval_pos_rate': 0.04349726775956284, 'eval_auroc': 0.550807625880775, 'eval_auprc': 0.05180075863857875, 'eval_mcc': 0.01652597778549108, 'eval_precision': 0.05572755417956656, 'eval_recall': 0.09045226130653267, 'eval_f1': 0.06896551724137931, 'eval_runtime': 4.4818, 'eval_samples_per_second': 1020.789, 'eval_steps_per_second': 16.065, 'epoch': 0.26}
{'loss': 0.6649, 'learning_rate': 0.00022857142857142857, 'epoch': 0.28}
{'loss': 0.6714, 'learning_rate': 0.00017142857142857143, 'epoch': 0.3}
{'loss': 0.6825, 'learning_rate': 0.00011428571428571428, 'epoch': 0.31}
{'loss': 0.6757, 'learning_rate': 5.714285714285714e-05, 'epoch': 0.33}
{'loss': 0.6691, 'learning_rate': 0.0, 'epoch': 0.35}
{'eval_loss': 0.7065543532371521, 'eval_bce': 0.7060165218436929, 'eval_n_pos': 199.0, 'eval_pos_rate': 0.04349726775956284, 'eval_auroc': 0.552001897053825, 'eval_auprc': 0.05211940602072872, 'eval_mcc': 0.02870405201217538, 'eval_precision': 0.04983388704318937, 'eval_recall': 0.5276381909547738, 'eval_f1': 0.09106678230702515, 'eval_runtime': 4.5047, 'eval_samples_per_second': 1015.599, 'eval_steps_per_second': 15.983, 'epoch': 0.35}
{'train_runtime': 39.3436, 'train_samples_per_second': 325.339, 'train_steps_per_second': 10.167, 'train_loss': 0.6800044512748719, 'epoch': 0.35}
  [lm] s=21.3 dev AUROC = 0.552001897053825

--- Stage-2a (learned-metric) s=20 -> /home/asm242/palmer_scratch/entexBERT-2_experiments/EN-TEx/experiments/ep300_pair_head/runs/clf_2a_ph_s20 ---
{'loss': 0.6934, 'learning_rate': 0.0004, 'epoch': 0.02}
{'loss': 0.693, 'learning_rate': 0.0008, 'epoch': 0.03}
{'loss': 0.6912, 'learning_rate': 0.0009714285714285714, 'epoch': 0.05}
{'loss': 0.6935, 'learning_rate': 0.0009142857142857143, 'epoch': 0.07}
{'loss': 0.6841, 'learning_rate': 0.0008571428571428571, 'epoch': 0.09}
{'eval_loss': 0.7252788543701172, 'eval_bce': 0.725436251973422, 'eval_n_pos': 199.0, 'eval_pos_rate': 0.04349726775956284, 'eval_auroc': 0.543453671465187, 'eval_auprc': 0.04941580569647712, 'eval_mcc': 0.007719996021986542, 'eval_precision': 0.04392764857881137, 'eval_recall': 0.9396984924623115, 'eval_f1': 0.08393177737881508, 'eval_runtime': 4.499, 'eval_samples_per_second': 1016.904, 'eval_steps_per_second': 16.004, 'epoch': 0.09}
{'loss': 0.6857, 'learning_rate': 0.0008, 'epoch': 0.1}
{'loss': 0.6759, 'learning_rate': 0.0007428571428571429, 'epoch': 0.12}
{'loss': 0.673, 'learning_rate': 0.0006857142857142857, 'epoch': 0.14}
{'loss': 0.6774, 'learning_rate': 0.0006285714285714285, 'epoch': 0.16}
{'loss': 0.6796, 'learning_rate': 0.0005714285714285714, 'epoch': 0.17}
{'eval_loss': 0.650396466255188, 'eval_bce': 0.649375281071106, 'eval_n_pos': 199.0, 'eval_pos_rate': 0.04349726775956284, 'eval_auroc': 0.5514753842337832, 'eval_auprc': 0.052059402662101205, 'eval_mcc': 0.01979420655618817, 'eval_precision': 0.06190476190476191, 'eval_recall': 0.06532663316582915, 'eval_f1': 0.06356968215158924, 'eval_runtime': 4.5093, 'eval_samples_per_second': 1014.572, 'eval_steps_per_second': 15.967, 'epoch': 0.17}
{'loss': 0.6849, 'learning_rate': 0.0005142857142857142, 'epoch': 0.19}
{'loss': 0.6821, 'learning_rate': 0.00045714285714285713, 'epoch': 0.21}
{'loss': 0.68, 'learning_rate': 0.0004, 'epoch': 0.23}
{'loss': 0.6814, 'learning_rate': 0.00034285714285714285, 'epoch': 0.24}
{'loss': 0.6633, 'learning_rate': 0.0002857142857142857, 'epoch': 0.26}
{'eval_loss': 0.6489288210868835, 'eval_bce': 0.6481533227217375, 'eval_n_pos': 199.0, 'eval_pos_rate': 0.04349726775956284, 'eval_auroc': 0.5548756120639762, 'eval_auprc': 0.05253700833523793, 'eval_mcc': 0.023185906704481084, 'eval_precision': 0.06227106227106227, 'eval_recall': 0.08542713567839195, 'eval_f1': 0.07203389830508475, 'eval_runtime': 4.5198, 'eval_samples_per_second': 1012.206, 'eval_steps_per_second': 15.93, 'epoch': 0.26}
{'loss': 0.6648, 'learning_rate': 0.00022857142857142857, 'epoch': 0.28}
{'loss': 0.6705, 'learning_rate': 0.00017142857142857143, 'epoch': 0.3}
{'loss': 0.6831, 'learning_rate': 0.00011428571428571428, 'epoch': 0.31}
{'loss': 0.6747, 'learning_rate': 5.714285714285714e-05, 'epoch': 0.33}
{'loss': 0.6682, 'learning_rate': 0.0, 'epoch': 0.35}
{'eval_loss': 0.7030819654464722, 'eval_bce': 0.7025793224870021, 'eval_n_pos': 199.0, 'eval_pos_rate': 0.04349726775956284, 'eval_auroc': 0.556398881978448, 'eval_auprc': 0.05287306672294825, 'eval_mcc': 0.03496099735717422, 'eval_precision': 0.051603206412825654, 'eval_recall': 0.5175879396984925, 'eval_f1': 0.0938496583143508, 'eval_runtime': 4.5266, 'eval_samples_per_second': 1010.684, 'eval_steps_per_second': 15.906, 'epoch': 0.35}
{'train_runtime': 39.5435, 'train_samples_per_second': 323.694, 'train_steps_per_second': 10.115, 'train_loss': 0.6799934482574463, 'epoch': 0.35}
  [lm] s=20 dev AUROC = 0.556398881978448

[STEP 2] BEST 2a: s=20 dev_AUROC=0.556398881978448 ckpt=/home/asm242/palmer_scratch/entexBERT-2_experiments/EN-TEx/experiments/ep300_pair_head/runs/clf_2a_ph_s20

=== STEP 3: score leak-free (best 2a) ===
[load] ADASTRA eval: 32619 rows (pos=1416, neg=31203)
[windows] built 32619/32619  (dropped: 0 out-of-bounds, 0 bad-chrom; hg38-base!=ref on 0 kept rows)
[score] running twin inference on 32619 variants (dump_embeddings=False)...
Loaded weights from /home/asm242/palmer_scratch/entexBERT-2_experiments/EN-TEx/experiments/ep300_pair_head/runs/clf_2a_ph_s20/pytorch_model.bin
  missing keys: 0 | unexpected keys: 0
[score] task=classification -> ranking AUROC on 'delta'
[leakage] train.meta.csv: +8745 bins, 8745 seen total
[leakage] dev.meta.csv: +1097 bins, 9842 seen total
[leakage] 22617/32619 eval variants (69.34%) in a seen bin; 784 ASB-positive. Dropped for leak_free.
[AUROC:full] balanced 1416 pos + 1416 neg  AUROC=0.5549 95%CI[0.5338,0.5735]  AUPRC=0.5442
[AUROC:leak_free] balanced 632 pos + 632 neg  AUROC=0.5219 95%CI[0.4901,0.5530]  AUPRC=0.5143

=== entexBERT-2 vs benchmark models (EP300_AUROC, 7 models) ===
      Enformer             DNN       0.5961
      DeepFun              DNN       0.5891
      DeepSEA              DNN       0.5601
      deltaSVM_ChIP-seq    kmer/gkm  0.5334
  >>> entexBERT-2 (this run)   0.5219  <<<
      DeepBind_ChIP-seq    DNN       0.5174
      Beluga               DNN       0.5087
      Sei                  DNN       0.4970

[done] wrote /home/asm242/palmer_scratch/entexBERT-2_experiments/EN-TEx/experiments/ep300_pair_head/score_ph_adastra_metrics.json + /home/asm242/palmer_scratch/entexBERT-2_experiments/EN-TEx/experiments/ep300_pair_head/score_ph_adastra_perVariant.csv.gz
[filter] total_reads>=20: 40808/220043 rows kept
[load] 40808 hetSNV rows over donors=['ENC-001', 'ENC-002', 'ENC-003', 'ENC-004']
[leakage] train.meta.csv: +8745 bins, 8745 seen total
[leakage] dev.meta.csv: +1097 bins, 9842 seen total

===== donor ENC-001: 24345 rows (pos=1120, neg=23225) =====
[windows] built 24345/24345  (dropped: 0 out-of-bounds, 0 bad-chrom; hg38-base!=ref on 0 kept rows)
[score] running twin inference on 24345 variants (dump_embeddings=False)...
Loaded weights from /home/asm242/palmer_scratch/entexBERT-2_experiments/EN-TEx/experiments/ep300_pair_head/runs/clf_2a_ph_s20/pytorch_model.bin
  missing keys: 0 | unexpected keys: 0
[leakage] 22036/24345 ENC-001 (cross-donor) variants in a seen bin (979 positive).
  [ENC-001:full] AUROC=0.5973 CI[0.5725,0.6205] AUPRC=0.6272 n_pos=1120 | mag_Spearman=nan signed_Spearman=nan
  [ENC-001:leak_free] AUROC=0.5514 CI[0.4832,0.6192] AUPRC=0.5597 n_pos=141 | mag_Spearman=nan signed_Spearman=nan
  --- per-tissue [leak_free] (>= 20 pos & neg) ---
    sigmoid_colon                    AUROC=0.6350 n_pos=20 mag_Sp=nan
    tibial_nerve                     AUROC=0.4723 n_pos=87 mag_Sp=nan

===== donor ENC-002: 3910 rows (pos=225, neg=3685) =====
[windows] built 3910/3910  (dropped: 0 out-of-bounds, 0 bad-chrom; hg38-base!=ref on 0 kept rows)
[score] running twin inference on 3910 variants (dump_embeddings=False)...
Loaded weights from /home/asm242/palmer_scratch/entexBERT-2_experiments/EN-TEx/experiments/ep300_pair_head/runs/clf_2a_ph_s20/pytorch_model.bin
  missing keys: 0 | unexpected keys: 0
[leakage] 3610/3910 ENC-002 (matched) variants in a seen bin (212 positive).
  [ENC-002:full] AUROC=0.6585 CI[0.6061,0.7065] AUPRC=0.6995 n_pos=225 | mag_Spearman=nan signed_Spearman=nan
  [ENC-002:leak_free] AUROC=0.5621 CI[0.3093,0.7819] AUPRC=0.5940 n_pos=13 | mag_Spearman=nan signed_Spearman=nan
  --- per-tissue [leak_free] (>= 20 pos & neg) ---

===== donor ENC-003: 2973 rows (pos=190, neg=2783) =====
[windows] built 2973/2973  (dropped: 0 out-of-bounds, 0 bad-chrom; hg38-base!=ref on 0 kept rows)
[score] running twin inference on 2973 variants (dump_embeddings=False)...
Loaded weights from /home/asm242/palmer_scratch/entexBERT-2_experiments/EN-TEx/experiments/ep300_pair_head/runs/clf_2a_ph_s20/pytorch_model.bin
  missing keys: 0 | unexpected keys: 0
[leakage] 2725/2973 ENC-003 (cross-donor) variants in a seen bin (177 positive).
  [ENC-003:full] AUROC=0.6716 CI[0.6143,0.7251] AUPRC=0.6749 n_pos=190 | mag_Spearman=nan signed_Spearman=nan
  [ENC-003:leak_free] AUROC=0.7988 CI[0.6059,0.9636] AUPRC=0.8236 n_pos=13 | mag_Spearman=nan signed_Spearman=nan
  --- per-tissue [leak_free] (>= 20 pos & neg) ---

===== donor ENC-004: 9580 rows (pos=535, neg=9045) =====
[windows] built 9580/9580  (dropped: 0 out-of-bounds, 0 bad-chrom; hg38-base!=ref on 0 kept rows)
[score] running twin inference on 9580 variants (dump_embeddings=False)...
Loaded weights from /home/asm242/palmer_scratch/entexBERT-2_experiments/EN-TEx/experiments/ep300_pair_head/runs/clf_2a_ph_s20/pytorch_model.bin
  missing keys: 0 | unexpected keys: 0
[leakage] 8692/9580 ENC-004 (cross-donor) variants in a seen bin (489 positive).
  [ENC-004:full] AUROC=0.5505 CI[0.5170,0.5864] AUPRC=0.5781 n_pos=535 | mag_Spearman=nan signed_Spearman=nan
  [ENC-004:leak_free] AUROC=0.5735 CI[0.4500,0.6960] AUPRC=0.6523 n_pos=46 | mag_Spearman=nan signed_Spearman=nan
  --- per-tissue [leak_free] (>= 20 pos & neg) ---
    upper_lobe_of_left_lung          AUROC=0.5208 n_pos=35 mag_Sp=nan

[write] /home/asm242/palmer_scratch/entexBERT-2_experiments/EN-TEx/experiments/ep300_pair_head/score_ph_hetsnv_perVariant.csv.gz  (40808 scored variants)
[write] /home/asm242/palmer_scratch/entexBERT-2_experiments/EN-TEx/experiments/ep300_pair_head/score_ph_hetsnv_summary.csv

=== donor-level (ALL-tissue) summary ===
  donor  donor_kind    regime    auroc  n_pos  mag_spearman  signed_spearman
ENC-001 cross-donor      full 0.597316   1120           NaN              NaN
ENC-001 cross-donor leak_free 0.551431    141           NaN              NaN
ENC-002     matched      full 0.658489    225           NaN              NaN
ENC-002     matched leak_free 0.562130     13           NaN              NaN
ENC-003 cross-donor      full 0.671634    190           NaN              NaN
ENC-003 cross-donor leak_free 0.798817     13           NaN              NaN
ENC-004 cross-donor      full 0.550521    535           NaN              NaN
ENC-004 cross-donor leak_free 0.573488     46           NaN              NaN

============================================================
 RICH PAIR-HEAD (#2) COMPLETE.  (DIAG=1)
   best 2a: s=20 dev_AUROC=0.556398881978448
   scored -> /home/asm242/palmer_scratch/entexBERT-2_experiments/EN-TEx/experiments/ep300_pair_head/score_ph_adastra*
 A/B: plain-distance head was leak-free AUROC EP300 no-stem classification diag 0.5439 [0.5129,0.5782].
   ph > 0.5439 (non-overlapping CI) => rich pair head helps.
 NOTE: DIAG mode -> UNDER-TRAINED, not final. Rerun DIAG=0 for the real number.
============================================================
